// Jest Snapshot v1, https://goo.gl/fbAQLP

exports[`clears screen 1`] = `
<div
  className="App"
>
  <header
    className="App-header"
  >
    <img
      alt="logo"
      className="App-logo"
      src="logo.svg"
    />
    <h1
      className="App-title"
    >
      Calculator
    </h1>
  </header>
  <div
    className="Interface"
  >
    <input
      className="display"
      id="display"
      readOnly={true}
      value={0}
    />
    <div
      className="button-row"
    >
      <button
        className="Button-numeral"
        onClick={[Function]}
      >
        7
      </button>
      <button
        className="Button-numeral"
        onClick={[Function]}
      >
        8
      </button>
      <button
        className="Button-numeral"
        onClick={[Function]}
      >
        9
      </button>
      <button
        className="Button-operator"
        onClick={[Function]}
      >
        *
      </button>
    </div>
    <div
      className="button-row"
    >
      <button
        className="Button-numeral"
        onClick={[Function]}
      >
        4
      </button>
      <button
        className="Button-numeral"
        onClick={[Function]}
      >
        5
      </button>
      <button
        className="Button-numeral"
        onClick={[Function]}
      >
        6
      </button>
      <button
        className="Button-operator"
        onClick={[Function]}
      >
        /
      </button>
    </div>
    <div
      className="button-row"
    >
      <button
        className="Button-numeral"
        onClick={[Function]}
      >
        1
      </button>
      <button
        className="Button-numeral"
        onClick={[Function]}
      >
        2
      </button>
      <button
        className="Button-numeral"
        onClick={[Function]}
      >
        3
      </button>
      <button
        className="Button-operator"
        onClick={[Function]}
      >
        +
      </button>
    </div>
    <div
      className="button-row"
    >
      <button
        className="Button-clear"
        onClick={[Function]}
      >
        C
      </button>
      <button
        className="Button-numeral"
        onClick={[Function]}
      >
        0
      </button>
      <button
        className="Button-operator"
        onClick={[Function]}
      >
        =
      </button>
      <button
        className="Button-operator"
        onClick={[Function]}
      >
        -
      </button>
    </div>
  </div>
</div>
`;

exports[`clears screen 2`] = `
<div
  className="App"
>
  <header
    className="App-header"
  >
    <img
      alt="logo"
      className="App-logo"
      src="logo.svg"
    />
    <h1
      className="App-title"
    >
      Calculator
    </h1>
  </header>
  <div
    className="Interface"
  >
    <input
      className="display"
      id="display"
      readOnly={true}
      value={4}
    />
    <div
      className="button-row"
    >
      <button
        className="Button-numeral"
        onClick={[Function]}
      >
        7
      </button>
      <button
        className="Button-numeral"
        onClick={[Function]}
      >
        8
      </button>
      <button
        className="Button-numeral"
        onClick={[Function]}
      >
        9
      </button>
      <button
        className="Button-operator"
        onClick={[Function]}
      >
        *
      </button>
    </div>
    <div
      className="button-row"
    >
      <button
        className="Button-numeral"
        onClick={[Function]}
      >
        4
      </button>
      <button
        className="Button-numeral"
        onClick={[Function]}
      >
        5
      </button>
      <button
        className="Button-numeral"
        onClick={[Function]}
      >
        6
      </button>
      <button
        className="Button-operator"
        onClick={[Function]}
      >
        /
      </button>
    </div>
    <div
      className="button-row"
    >
      <button
        className="Button-numeral"
        onClick={[Function]}
      >
        1
      </button>
      <button
        className="Button-numeral"
        onClick={[Function]}
      >
        2
      </button>
      <button
        className="Button-numeral"
        onClick={[Function]}
      >
        3
      </button>
      <button
        className="Button-operator"
        onClick={[Function]}
      >
        +
      </button>
    </div>
    <div
      className="button-row"
    >
      <button
        className="Button-clear"
        onClick={[Function]}
      >
        C
      </button>
      <button
        className="Button-numeral"
        onClick={[Function]}
      >
        0
      </button>
      <button
        className="Button-operator"
        onClick={[Function]}
      >
        =
      </button>
      <button
        className="Button-operator"
        onClick={[Function]}
      >
        -
      </button>
    </div>
  </div>
</div>
`;

exports[`clears screen 3`] = `
<div
  className="App"
>
  <header
    className="App-header"
  >
    <img
      alt="logo"
      className="App-logo"
      src="logo.svg"
    />
    <h1
      className="App-title"
    >
      Calculator
    </h1>
  </header>
  <div
    className="Interface"
  >
    <input
      className="display"
      id="display"
      readOnly={true}
      value={0}
    />
    <div
      className="button-row"
    >
      <button
        className="Button-numeral"
        onClick={[Function]}
      >
        7
      </button>
      <button
        className="Button-numeral"
        onClick={[Function]}
      >
        8
      </button>
      <button
        className="Button-numeral"
        onClick={[Function]}
      >
        9
      </button>
      <button
        className="Button-operator"
        onClick={[Function]}
      >
        *
      </button>
    </div>
    <div
      className="button-row"
    >
      <button
        className="Button-numeral"
        onClick={[Function]}
      >
        4
      </button>
      <button
        className="Button-numeral"
        onClick={[Function]}
      >
        5
      </button>
      <button
        className="Button-numeral"
        onClick={[Function]}
      >
        6
      </button>
      <button
        className="Button-operator"
        onClick={[Function]}
      >
        /
      </button>
    </div>
    <div
      className="button-row"
    >
      <button
        className="Button-numeral"
        onClick={[Function]}
      >
        1
      </button>
      <button
        className="Button-numeral"
        onClick={[Function]}
      >
        2
      </button>
      <button
        className="Button-numeral"
        onClick={[Function]}
      >
        3
      </button>
      <button
        className="Button-operator"
        onClick={[Function]}
      >
        +
      </button>
    </div>
    <div
      className="button-row"
    >
      <button
        className="Button-clear"
        onClick={[Function]}
      >
        C
      </button>
      <button
        className="Button-numeral"
        onClick={[Function]}
      >
        0
      </button>
      <button
        className="Button-operator"
        onClick={[Function]}
      >
        =
      </button>
      <button
        className="Button-operator"
        onClick={[Function]}
      >
        -
      </button>
    </div>
  </div>
</div>
`;

exports[`enters numbers to display 1`] = `
<div
  className="App"
>
  <header
    className="App-header"
  >
    <img
      alt="logo"
      className="App-logo"
      src="logo.svg"
    />
    <h1
      className="App-title"
    >
      Calculator
    </h1>
  </header>
  <div
    className="Interface"
  >
    <input
      className="display"
      id="display"
      readOnly={true}
      value={0}
    />
    <div
      className="button-row"
    >
      <button
        className="Button-numeral"
        onClick={[Function]}
      >
        7
      </button>
      <button
        className="Button-numeral"
        onClick={[Function]}
      >
        8
      </button>
      <button
        className="Button-numeral"
        onClick={[Function]}
      >
        9
      </button>
      <button
        className="Button-operator"
        onClick={[Function]}
      >
        *
      </button>
    </div>
    <div
      className="button-row"
    >
      <button
        className="Button-numeral"
        onClick={[Function]}
      >
        4
      </button>
      <button
        className="Button-numeral"
        onClick={[Function]}
      >
        5
      </button>
      <button
        className="Button-numeral"
        onClick={[Function]}
      >
        6
      </button>
      <button
        className="Button-operator"
        onClick={[Function]}
      >
        /
      </button>
    </div>
    <div
      className="button-row"
    >
      <button
        className="Button-numeral"
        onClick={[Function]}
      >
        1
      </button>
      <button
        className="Button-numeral"
        onClick={[Function]}
      >
        2
      </button>
      <button
        className="Button-numeral"
        onClick={[Function]}
      >
        3
      </button>
      <button
        className="Button-operator"
        onClick={[Function]}
      >
        +
      </button>
    </div>
    <div
      className="button-row"
    >
      <button
        className="Button-clear"
        onClick={[Function]}
      >
        C
      </button>
      <button
        className="Button-numeral"
        onClick={[Function]}
      >
        0
      </button>
      <button
        className="Button-operator"
        onClick={[Function]}
      >
        =
      </button>
      <button
        className="Button-operator"
        onClick={[Function]}
      >
        -
      </button>
    </div>
  </div>
</div>
`;

exports[`enters numbers to display 2`] = `
<div
  className="App"
>
  <header
    className="App-header"
  >
    <img
      alt="logo"
      className="App-logo"
      src="logo.svg"
    />
    <h1
      className="App-title"
    >
      Calculator
    </h1>
  </header>
  <div
    className="Interface"
  >
    <input
      className="display"
      id="display"
      readOnly={true}
      value={4}
    />
    <div
      className="button-row"
    >
      <button
        className="Button-numeral"
        onClick={[Function]}
      >
        7
      </button>
      <button
        className="Button-numeral"
        onClick={[Function]}
      >
        8
      </button>
      <button
        className="Button-numeral"
        onClick={[Function]}
      >
        9
      </button>
      <button
        className="Button-operator"
        onClick={[Function]}
      >
        *
      </button>
    </div>
    <div
      className="button-row"
    >
      <button
        className="Button-numeral"
        onClick={[Function]}
      >
        4
      </button>
      <button
        className="Button-numeral"
        onClick={[Function]}
      >
        5
      </button>
      <button
        className="Button-numeral"
        onClick={[Function]}
      >
        6
      </button>
      <button
        className="Button-operator"
        onClick={[Function]}
      >
        /
      </button>
    </div>
    <div
      className="button-row"
    >
      <button
        className="Button-numeral"
        onClick={[Function]}
      >
        1
      </button>
      <button
        className="Button-numeral"
        onClick={[Function]}
      >
        2
      </button>
      <button
        className="Button-numeral"
        onClick={[Function]}
      >
        3
      </button>
      <button
        className="Button-operator"
        onClick={[Function]}
      >
        +
      </button>
    </div>
    <div
      className="button-row"
    >
      <button
        className="Button-clear"
        onClick={[Function]}
      >
        C
      </button>
      <button
        className="Button-numeral"
        onClick={[Function]}
      >
        0
      </button>
      <button
        className="Button-operator"
        onClick={[Function]}
      >
        =
      </button>
      <button
        className="Button-operator"
        onClick={[Function]}
      >
        -
      </button>
    </div>
  </div>
</div>
`;

exports[`enters numbers to display 3`] = `
<div
  className="App"
>
  <header
    className="App-header"
  >
    <img
      alt="logo"
      className="App-logo"
      src="logo.svg"
    />
    <h1
      className="App-title"
    >
      Calculator
    </h1>
  </header>
  <div
    className="Interface"
  >
    <input
      className="display"
      id="display"
      readOnly={true}
      value={46}
    />
    <div
      className="button-row"
    >
      <button
        className="Button-numeral"
        onClick={[Function]}
      >
        7
      </button>
      <button
        className="Button-numeral"
        onClick={[Function]}
      >
        8
      </button>
      <button
        className="Button-numeral"
        onClick={[Function]}
      >
        9
      </button>
      <button
        className="Button-operator"
        onClick={[Function]}
      >
        *
      </button>
    </div>
    <div
      className="button-row"
    >
      <button
        className="Button-numeral"
        onClick={[Function]}
      >
        4
      </button>
      <button
        className="Button-numeral"
        onClick={[Function]}
      >
        5
      </button>
      <button
        className="Button-numeral"
        onClick={[Function]}
      >
        6
      </button>
      <button
        className="Button-operator"
        onClick={[Function]}
      >
        /
      </button>
    </div>
    <div
      className="button-row"
    >
      <button
        className="Button-numeral"
        onClick={[Function]}
      >
        1
      </button>
      <button
        className="Button-numeral"
        onClick={[Function]}
      >
        2
      </button>
      <button
        className="Button-numeral"
        onClick={[Function]}
      >
        3
      </button>
      <button
        className="Button-operator"
        onClick={[Function]}
      >
        +
      </button>
    </div>
    <div
      className="button-row"
    >
      <button
        className="Button-clear"
        onClick={[Function]}
      >
        C
      </button>
      <button
        className="Button-numeral"
        onClick={[Function]}
      >
        0
      </button>
      <button
        className="Button-operator"
        onClick={[Function]}
      >
        =
      </button>
      <button
        className="Button-operator"
        onClick={[Function]}
      >
        -
      </button>
    </div>
  </div>
</div>
`;

exports[`performs addition 1`] = `
<div
  className="App"
>
  <header
    className="App-header"
  >
    <img
      alt="logo"
      className="App-logo"
      src="logo.svg"
    />
    <h1
      className="App-title"
    >
      Calculator
    </h1>
  </header>
  <div
    className="Interface"
  >
    <input
      className="display"
      id="display"
      readOnly={true}
      value={0}
    />
    <div
      className="button-row"
    >
      <button
        className="Button-numeral"
        onClick={[Function]}
      >
        7
      </button>
      <button
        className="Button-numeral"
        onClick={[Function]}
      >
        8
      </button>
      <button
        className="Button-numeral"
        onClick={[Function]}
      >
        9
      </button>
      <button
        className="Button-operator"
        onClick={[Function]}
      >
        *
      </button>
    </div>
    <div
      className="button-row"
    >
      <button
        className="Button-numeral"
        onClick={[Function]}
      >
        4
      </button>
      <button
        className="Button-numeral"
        onClick={[Function]}
      >
        5
      </button>
      <button
        className="Button-numeral"
        onClick={[Function]}
      >
        6
      </button>
      <button
        className="Button-operator"
        onClick={[Function]}
      >
        /
      </button>
    </div>
    <div
      className="button-row"
    >
      <button
        className="Button-numeral"
        onClick={[Function]}
      >
        1
      </button>
      <button
        className="Button-numeral"
        onClick={[Function]}
      >
        2
      </button>
      <button
        className="Button-numeral"
        onClick={[Function]}
      >
        3
      </button>
      <button
        className="Button-operator"
        onClick={[Function]}
      >
        +
      </button>
    </div>
    <div
      className="button-row"
    >
      <button
        className="Button-clear"
        onClick={[Function]}
      >
        C
      </button>
      <button
        className="Button-numeral"
        onClick={[Function]}
      >
        0
      </button>
      <button
        className="Button-operator"
        onClick={[Function]}
      >
        =
      </button>
      <button
        className="Button-operator"
        onClick={[Function]}
      >
        -
      </button>
    </div>
  </div>
</div>
`;

exports[`performs addition 2`] = `
<div
  className="App"
>
  <header
    className="App-header"
  >
    <img
      alt="logo"
      className="App-logo"
      src="logo.svg"
    />
    <h1
      className="App-title"
    >
      Calculator
    </h1>
  </header>
  <div
    className="Interface"
  >
    <input
      className="display"
      id="display"
      readOnly={true}
      value={4}
    />
    <div
      className="button-row"
    >
      <button
        className="Button-numeral"
        onClick={[Function]}
      >
        7
      </button>
      <button
        className="Button-numeral"
        onClick={[Function]}
      >
        8
      </button>
      <button
        className="Button-numeral"
        onClick={[Function]}
      >
        9
      </button>
      <button
        className="Button-operator"
        onClick={[Function]}
      >
        *
      </button>
    </div>
    <div
      className="button-row"
    >
      <button
        className="Button-numeral"
        onClick={[Function]}
      >
        4
      </button>
      <button
        className="Button-numeral"
        onClick={[Function]}
      >
        5
      </button>
      <button
        className="Button-numeral"
        onClick={[Function]}
      >
        6
      </button>
      <button
        className="Button-operator"
        onClick={[Function]}
      >
        /
      </button>
    </div>
    <div
      className="button-row"
    >
      <button
        className="Button-numeral"
        onClick={[Function]}
      >
        1
      </button>
      <button
        className="Button-numeral"
        onClick={[Function]}
      >
        2
      </button>
      <button
        className="Button-numeral"
        onClick={[Function]}
      >
        3
      </button>
      <button
        className="Button-operator"
        onClick={[Function]}
      >
        +
      </button>
    </div>
    <div
      className="button-row"
    >
      <button
        className="Button-clear"
        onClick={[Function]}
      >
        C
      </button>
      <button
        className="Button-numeral"
        onClick={[Function]}
      >
        0
      </button>
      <button
        className="Button-operator"
        onClick={[Function]}
      >
        =
      </button>
      <button
        className="Button-operator"
        onClick={[Function]}
      >
        -
      </button>
    </div>
  </div>
</div>
`;

exports[`performs addition 3`] = `
<div
  className="App"
>
  <header
    className="App-header"
  >
    <img
      alt="logo"
      className="App-logo"
      src="logo.svg"
    />
    <h1
      className="App-title"
    >
      Calculator
    </h1>
  </header>
  <div
    className="Interface"
  >
    <input
      className="display"
      id="display"
      readOnly={true}
      value={0}
    />
    <div
      className="button-row"
    >
      <button
        className="Button-numeral"
        onClick={[Function]}
      >
        7
      </button>
      <button
        className="Button-numeral"
        onClick={[Function]}
      >
        8
      </button>
      <button
        className="Button-numeral"
        onClick={[Function]}
      >
        9
      </button>
      <button
        className="Button-operator"
        onClick={[Function]}
      >
        *
      </button>
    </div>
    <div
      className="button-row"
    >
      <button
        className="Button-numeral"
        onClick={[Function]}
      >
        4
      </button>
      <button
        className="Button-numeral"
        onClick={[Function]}
      >
        5
      </button>
      <button
        className="Button-numeral"
        onClick={[Function]}
      >
        6
      </button>
      <button
        className="Button-operator"
        onClick={[Function]}
      >
        /
      </button>
    </div>
    <div
      className="button-row"
    >
      <button
        className="Button-numeral"
        onClick={[Function]}
      >
        1
      </button>
      <button
        className="Button-numeral"
        onClick={[Function]}
      >
        2
      </button>
      <button
        className="Button-numeral"
        onClick={[Function]}
      >
        3
      </button>
      <button
        className="Button-operator"
        onClick={[Function]}
      >
        +
      </button>
    </div>
    <div
      className="button-row"
    >
      <button
        className="Button-clear"
        onClick={[Function]}
      >
        C
      </button>
      <button
        className="Button-numeral"
        onClick={[Function]}
      >
        0
      </button>
      <button
        className="Button-operator"
        onClick={[Function]}
      >
        =
      </button>
      <button
        className="Button-operator"
        onClick={[Function]}
      >
        -
      </button>
    </div>
  </div>
</div>
`;

exports[`performs addition 4`] = `
<div
  className="App"
>
  <header
    className="App-header"
  >
    <img
      alt="logo"
      className="App-logo"
      src="logo.svg"
    />
    <h1
      className="App-title"
    >
      Calculator
    </h1>
  </header>
  <div
    className="Interface"
  >
    <input
      className="display"
      id="display"
      readOnly={true}
      value={7}
    />
    <div
      className="button-row"
    >
      <button
        className="Button-numeral"
        onClick={[Function]}
      >
        7
      </button>
      <button
        className="Button-numeral"
        onClick={[Function]}
      >
        8
      </button>
      <button
        className="Button-numeral"
        onClick={[Function]}
      >
        9
      </button>
      <button
        className="Button-operator"
        onClick={[Function]}
      >
        *
      </button>
    </div>
    <div
      className="button-row"
    >
      <button
        className="Button-numeral"
        onClick={[Function]}
      >
        4
      </button>
      <button
        className="Button-numeral"
        onClick={[Function]}
      >
        5
      </button>
      <button
        className="Button-numeral"
        onClick={[Function]}
      >
        6
      </button>
      <button
        className="Button-operator"
        onClick={[Function]}
      >
        /
      </button>
    </div>
    <div
      className="button-row"
    >
      <button
        className="Button-numeral"
        onClick={[Function]}
      >
        1
      </button>
      <button
        className="Button-numeral"
        onClick={[Function]}
      >
        2
      </button>
      <button
        className="Button-numeral"
        onClick={[Function]}
      >
        3
      </button>
      <button
        className="Button-operator"
        onClick={[Function]}
      >
        +
      </button>
    </div>
    <div
      className="button-row"
    >
      <button
        className="Button-clear"
        onClick={[Function]}
      >
        C
      </button>
      <button
        className="Button-numeral"
        onClick={[Function]}
      >
        0
      </button>
      <button
        className="Button-operator"
        onClick={[Function]}
      >
        =
      </button>
      <button
        className="Button-operator"
        onClick={[Function]}
      >
        -
      </button>
    </div>
  </div>
</div>
`;

exports[`performs addition 5`] = `
<div
  className="App"
>
  <header
    className="App-header"
  >
    <img
      alt="logo"
      className="App-logo"
      src="logo.svg"
    />
    <h1
      className="App-title"
    >
      Calculator
    </h1>
  </header>
  <div
    className="Interface"
  >
    <input
      className="display"
      id="display"
      readOnly={true}
      value={11}
    />
    <div
      className="button-row"
    >
      <button
        className="Button-numeral"
        onClick={[Function]}
      >
        7
      </button>
      <button
        className="Button-numeral"
        onClick={[Function]}
      >
        8
      </button>
      <button
        className="Button-numeral"
        onClick={[Function]}
      >
        9
      </button>
      <button
        className="Button-operator"
        onClick={[Function]}
      >
        *
      </button>
    </div>
    <div
      className="button-row"
    >
      <button
        className="Button-numeral"
        onClick={[Function]}
      >
        4
      </button>
      <button
        className="Button-numeral"
        onClick={[Function]}
      >
        5
      </button>
      <button
        className="Button-numeral"
        onClick={[Function]}
      >
        6
      </button>
      <button
        className="Button-operator"
        onClick={[Function]}
      >
        /
      </button>
    </div>
    <div
      className="button-row"
    >
      <button
        className="Button-numeral"
        onClick={[Function]}
      >
        1
      </button>
      <button
        className="Button-numeral"
        onClick={[Function]}
      >
        2
      </button>
      <button
        className="Button-numeral"
        onClick={[Function]}
      >
        3
      </button>
      <button
        className="Button-operator"
        onClick={[Function]}
      >
        +
      </button>
    </div>
    <div
      className="button-row"
    >
      <button
        className="Button-clear"
        onClick={[Function]}
      >
        C
      </button>
      <button
        className="Button-numeral"
        onClick={[Function]}
      >
        0
      </button>
      <button
        className="Button-operator"
        onClick={[Function]}
      >
        =
      </button>
      <button
        className="Button-operator"
        onClick={[Function]}
      >
        -
      </button>
    </div>
  </div>
</div>
`;
